2025-11-29 14:57:59 | INFO | {"firstName":"fathi","lastName":"mahmoud","email":"fathi@gmail.com","password":"123456aA"}
2025-11-29 14:57:59 | ERROR | User.finOne is not a function
2025-11-29 14:58:01 | INFO | {"firstName":"fathi","lastName":"mahmoud","email":"fathi@gmail.com","password":"123456aA"}
2025-11-29 14:58:01 | ERROR | User.finOne is not a function
2025-11-29 14:58:15 | INFO | {"firstName":"fathi","lastName":"mahmoud","email":"fathi@gmail.com","password":"123456aA"}
2025-11-29 14:58:15 | ERROR | User.finOne is not a function
2025-11-29 14:58:51 | INFO | {"firstName":"fathi","lastName":"mahmoud","email":"fathi@gmail.com","password":"123456aA"}
2025-11-29 14:58:51 | ERROR | User.finOne is not a function
2025-11-29 14:59:35 | INFO | {"firstName":"fathi","lastName":"mahmoud","email":"fathi@gmail.com","password":"123456aA"}
2025-11-29 14:59:35 | ERROR | User.finOne is not a function
2025-11-29 15:00:01 | INFO | {"firstName":"fathi","lastName":"mahmoud","email":"fathi@gmail.com","password":"123456aA"}
2025-11-29 15:11:38 | INFO | {"email":"fathi@gmail.com","password":"123456aA"}
2025-11-29 15:26:29 | INFO | {"firstName":"hossam","lastName":"hossam","email":"hossam@gmail.com","password":"123456aA"}
2025-11-29 15:26:59 | INFO | {"email":"hossam@gmail.com","password":"123456aA"}
2025-11-29 15:36:12 | INFO | {"id":"1151515"}
2025-11-29 15:36:21 | INFO | {"id":"fdsfsdfs"}
2025-11-29 15:57:39 | INFO | {"id":"fdsfsdfs"}
2025-11-29 15:58:24 | INFO | {"email":"hossam@gmail.com","password":"123456aA"}
2025-11-29 15:58:37 | INFO | {"id":"54545"}
2025-11-29 16:02:19 | INFO | {"email":"hossam@gmail.com","password":"123456aA"}
2025-11-29 16:02:51 | INFO | {"id":"545454"}
2025-12-05 20:13:08 | INFO | {"email":"hossam@gmail.com","password":"123456aA"}
2025-12-05 20:13:30 | INFO | {"id":"123132123"}
2025-12-05 20:15:09 | INFO | {"id":"692af485f71e6ac0eea76c74"}
2025-12-05 20:49:49 | INFO | {"email":"fathi@gmail.com","password":"123456aA"}
2025-12-05 20:54:27 | INFO | {"email":"fathi@gmail.com","password":"123456aA"}
2025-12-09 00:54:43 | INFO | {"firstName":"fdfdsf","lastName":"dsfsdf","email":"mostasafi7@gmail.com","password":"123456","rePassword":"123456"}
2025-12-09 01:01:46 | INFO | {"firstName":"fdfdsf","lastName":"dsfsdf","email":"mostasafi7@gmail.com","password":"123456","rePassword":"123456"}
2025-12-09 01:03:19 | INFO | {"firstName":"fdfdsf","lastName":"dsfsdf","email":"mostasafi7@gmail.com","password":"123456","rePassword":"123456"}
2025-12-09 01:03:52 | INFO | {"firstName":"fdfdsf","lastName":"dsfsdf","email":"mostasafi7@gmail.com","password":"123456","rePassword":"123456"}
2025-12-09 01:06:02 | INFO | {"firstName":"fdfdsf","lastName":"dsfsdf","email":"mostasafi7@gmail.com","password":"123456","rePassword":"123456"}
2025-12-09 01:06:15 | INFO | {"firstName":"fdfdsf","lastName":"dsfsdf","email":"mostasafi7@gmail.com","password":"123456","rePassword":"123456"}
2025-12-09 01:13:16 | INFO | {"firstName":"fdfdsf","lastName":"dsfsdf","email":"mostasafi7@gmail.com","password":"123456","rePassword":"123456"}
2025-12-09 22:06:00 | INFO | {"firstName":"mostafa","lastName":"ahmed","email":"mostasafi7@gmail.com","password":"Aa66123455","rePassword":"1152121"}
2025-12-09 22:08:14 | INFO | {"firstName":"omar","lastName":"ahmed","email":"omar@gmail.com","password":"1234567","rePassword":"123456"}
2025-12-09 22:08:30 | INFO | {"firstName":"menna","lastName":"ahmed","email":"mostasafi7@gmail.com","password":"Aa66123455","rePassword":"Aa66123455"}
2025-12-09 22:08:52 | INFO | {"firstName":"menna","lastName":"ahmed","email":"menna@gmail.com","password":"123456","rePassword":"Aa66123455"}
2025-12-09 22:09:43 | INFO | {"firstName":"omar","lastName":"ahmed","email":"omar@gmail.com","password":"12345","rePassword":"12345"}
2025-12-09 22:09:43 | ERROR | User validation failed: password: Path `password` (`12345`, length 5) is shorter than the minimum allowed length (6).
2025-12-09 22:09:43 | INFO | {"firstName":"omar","lastName":"ahmed","email":"omar@gmail.com","password":"12345","rePassword":"12345"}
2025-12-09 22:09:43 | ERROR | User validation failed: password: Path `password` (`12345`, length 5) is shorter than the minimum allowed length (6).
2025-12-09 22:09:53 | INFO | {"firstName":"omar","lastName":"ahmed","email":"omar@gmail.com","password":"123456","rePassword":"123456"}
2025-12-09 22:24:39 | INFO | {"email":"mostasafi7@gmail.com","password":"5115546"}
2025-12-09 22:24:53 | INFO | {"email":"mostasafi7@gmail.com","password":"123456"}
2025-12-09 22:24:59 | INFO | {"email":"mostasafi7@gmail.com","password":"12345"}
2025-12-09 22:25:27 | INFO | {"firstName":"shahd","lastName":"ahmed","email":"shahd@gmail.com","password":"123456","rePassword":"123456"}
2025-12-09 22:25:37 | INFO | {"email":"shahd@gmail.com","password":"123456"}
2025-12-09 22:40:00 | INFO | {"email":"shahd@gmail.com","password":"123456"}
2025-12-13 20:27:44 | INFO | {"email":"mostasafi7@gmail.com","password":"Aa66123455"}
2025-12-13 20:28:59 | INFO | {"email":"mostasafi7@gmail.com","password":"Aa66123455"}
2025-12-13 20:36:46 | INFO | {"email":"mostasafi7@gmail.com","password":"Aa66123455"}
2025-12-13 23:36:07 | INFO | {"email":"omar@gmail.com","password":"123456"}
